../Core/Src/runtime_src/runtime.c:10:6:nextInput	4	static
../Core/Src/runtime_src/runtime.c:18:6:write	24	static
../Core/Src/runtime_src/runtime.c:22:6:debug	16	static
../Core/Src/runtime_src/runtime.c:29:6:TurnGreenOn	8	static
../Core/Src/runtime_src/runtime.c:34:6:TurnGreenOff	8	static
../Core/Src/runtime_src/runtime.c:39:6:TurnRedOn	8	static
../Core/Src/runtime_src/runtime.c:44:6:TurnRedOff	8	static
../Core/Src/runtime_src/runtime.c:49:6:TurnYellowOn	8	static
../Core/Src/runtime_src/runtime.c:54:6:TurnYellowOff	8	static
